// Jest Snapshot v1, https://goo.gl/fbAQLP

exports[`Image Render Renders correctly 1`] = `
<div
  className="sc-bdnxRM kRerkd"
  data-testid="Image"
>
  <picture
    className="sc-gtsrHT bDSGSX"
  >
    <img
      alt="background"
      className="sc-dlnjwi hGrGGC"
      data-testid="ImageElement"
      src="https://picsum.photos/200"
    />
  </picture>
</div>
`;
