// Jest Snapshot v1, https://goo.gl/fbAQLP

exports[`Loader Renders correctly 1`] = `
<div
  className="sc-bdnxRM jPJBih"
  data-testid="Loader"
>
  <svg
    className="sc-gtsrHT bPNifp"
    height={60}
    width={60}
  >
    <circle
      className="sc-dlnjwi sc-hKFxyN jPHmSv jesWCz"
      cx={30}
      cy={30}
      r={26}
    />
    <circle
      className="sc-dlnjwi sc-eCApnc jPHmSv dGQICf"
      cx={30}
      cy={30}
      r={26}
    />
  </svg>
</div>
`;
